1789639008: mosquitto version 2.1.2 starting
1789639008: Config loaded from /mosquitto/config/mosquitto.conf.
1789639008: Bridge support available.
1789639008: Persistence support available.
1789639008: TLS support available.
1789639008: TLS-PSK support available.
1789639008: Websockets support available.
1789639008: Opening ipv4 listen socket on port 1883.
1789639008: Opening ipv6 listen socket on port 1883.
1789639008: Opening ipv4 listen socket on port 9001.
1789639008: Opening ipv6 listen socket on port 9001.
1789639008: mosquitto version 2.1.2 running
1789640809: Saving in-memory database to /mosquitto/data//mosquitto.db.
1789640809: Warning: File /mosquitto/data//mosquitto.db.new has world readable permissions. Future versions will refuse to load this file.
To fix this, use `chmod 0700 /mosquitto/data//mosquitto.db.new`.

1789640809: Warning: File /mosquitto/data//mosquitto.db.new owner is not mosquitto. Future versions will refuse to load this file.To fix this, use `chown mosquitto /mosquitto/data//mosquitto.db.new`.

1789640809: Warning: File /mosquitto/data//mosquitto.db.new group is not mosquitto. Future versions will refuse to load this file.

1789642610: Saving in-memory database to /mosquitto/data//mosquitto.db.
1789642610: Warning: File /mosquitto/data//mosquitto.db.new has world readable permissions. Future versions will refuse to load this file.
To fix this, use `chmod 0700 /mosquitto/data//mosquitto.db.new`.

1789642610: Warning: File /mosquitto/data//mosquitto.db.new owner is not mosquitto. Future versions will refuse to load this file.To fix this, use `chown mosquitto /mosquitto/data//mosquitto.db.new`.

1789642610: Warning: File /mosquitto/data//mosquitto.db.new group is not mosquitto. Future versions will refuse to load this file.

1789644411: Saving in-memory database to /mosquitto/data//mosquitto.db.
1789644411: Warning: File /mosquitto/data//mosquitto.db.new has world readable permissions. Future versions will refuse to load this file.
To fix this, use `chmod 0700 /mosquitto/data//mosquitto.db.new`.

1789644411: Warning: File /mosquitto/data//mosquitto.db.new owner is not mosquitto. Future versions will refuse to load this file.To fix this, use `chown mosquitto /mosquitto/data//mosquitto.db.new`.

1789644411: Warning: File /mosquitto/data//mosquitto.db.new group is not mosquitto. Future versions will refuse to load this file.

1789646212: Saving in-memory database to /mosquitto/data//mosquitto.db.
1789646212: Warning: File /mosquitto/data//mosquitto.db.new has world readable permissions. Future versions will refuse to load this file.
To fix this, use `chmod 0700 /mosquitto/data//mosquitto.db.new`.

1789646212: Warning: File /mosquitto/data//mosquitto.db.new owner is not mosquitto. Future versions will refuse to load this file.To fix this, use `chown mosquitto /mosquitto/data//mosquitto.db.new`.

1789646212: Warning: File /mosquitto/data//mosquitto.db.new group is not mosquitto. Future versions will refuse to load this file.

1789648013: Saving in-memory database to /mosquitto/data//mosquitto.db.
1789648013: Warning: File /mosquitto/data//mosquitto.db.new has world readable permissions. Future versions will refuse to load this file.
To fix this, use `chmod 0700 /mosquitto/data//mosquitto.db.new`.

1789648013: Warning: File /mosquitto/data//mosquitto.db.new owner is not mosquitto. Future versions will refuse to load this file.To fix this, use `chown mosquitto /mosquitto/data//mosquitto.db.new`.

1789648013: Warning: File /mosquitto/data//mosquitto.db.new group is not mosquitto. Future versions will refuse to load this file.

1789648369: mosquitto version 2.1.2 terminating
1789648369: Saving in-memory database to /mosquitto/data//mosquitto.db.
1789648369: Warning: File /mosquitto/data//mosquitto.db.new has world readable permissions. Future versions will refuse to load this file.
To fix this, use `chmod 0700 /mosquitto/data//mosquitto.db.new`.

1789648369: Warning: File /mosquitto/data//mosquitto.db.new owner is not mosquitto. Future versions will refuse to load this file.To fix this, use `chown mosquitto /mosquitto/data//mosquitto.db.new`.

1789648369: Warning: File /mosquitto/data//mosquitto.db.new group is not mosquitto. Future versions will refuse to load this file.

1789716102: mosquitto version 2.1.2 starting
1789716102: Config loaded from /mosquitto/config/mosquitto.conf.
1789716102: Bridge support available.
1789716102: Persistence support available.
1789716102: TLS support available.
1789716102: TLS-PSK support available.
1789716102: Websockets support available.
1789716102: Opening ipv4 listen socket on port 1883.
1789716102: Opening ipv6 listen socket on port 1883.
1789716102: Opening ipv4 listen socket on port 9001.
1789716102: Opening ipv6 listen socket on port 9001.
1789716102: mosquitto version 2.1.2 running
1789716135: mosquitto version 2.1.2 terminating
1789716135: Saving in-memory database to /mosquitto/data//mosquitto.db.
1789716135: Warning: File /mosquitto/data//mosquitto.db.new has world readable permissions. Future versions will refuse to load this file.
To fix this, use `chmod 0700 /mosquitto/data//mosquitto.db.new`.

1789716135: Warning: File /mosquitto/data//mosquitto.db.new owner is not mosquitto. Future versions will refuse to load this file.To fix this, use `chown mosquitto /mosquitto/data//mosquitto.db.new`.

1789716135: Warning: File /mosquitto/data//mosquitto.db.new group is not mosquitto. Future versions will refuse to load this file.

